
Mikita_Kandratsiuk@EPBYMINW5447 MINGW64 ~/Desktop/BI Laboratory 2017/BI-Lab-2017                (master)
$ git status
On branch master
Your branch is up-to-date with 'origin/master'.
Untracked files:
  (use "git add <file>..." to include in what will be committed)

        Mikita_Kandratsiuk/

nothing added to commit but untracked files present (use "git add" to track)

Mikita_Kandratsiuk@EPBYMINW5447 MINGW64 ~/Desktop/BI Laboratory 2017/BI-Lab-2017 (master)
$ git add .

Mikita_Kandratsiuk@EPBYMINW5447 MINGW64 ~/Desktop/BI Laboratory 2017/BI-Lab-2017 (master)
$ git status
On branch master
Your branch is up-to-date with 'origin/master'.
Changes to be committed:
  (use "git reset HEAD <file>..." to unstage)

        new file:   Mikita_Kandratsiuk/test.txt


Mikita_Kandratsiuk@EPBYMINW5447 MINGW64 ~/Desktop/BI Laboratory 2017/BI-Lab-2017 (master)
$ git commit -m "added test file"
[master ff94a83] added test file
 Committer: Mikita Kandratsiuk <Mikita_Kandratsiuk@epam.com>
Your name and email address were configured automatically based
on your username and hostname. Please check that they are accurate.
You can suppress this message by setting them explicitly. Run the
following command and follow the instructions in your editor to edit
your configuration file:

    git config --global --edit

After doing this, you may fix the identity used for this commit with:

    git commit --amend --reset-author

 1 file changed, 1 insertion(+)
 create mode 100644 Mikita_Kandratsiuk/test.txt

Mikita_Kandratsiuk@EPBYMINW5447 MINGW64 ~/Desktop/BI Laboratory 2017/BI-Lab-2017 (master)
$ git status
On branch master
Your branch is ahead of 'origin/master' by 1 commit.
  (use "git push" to publish your local commits)
nothing to commit, working tree clean

Mikita_Kandratsiuk@EPBYMINW5447 MINGW64 ~/Desktop/BI Laboratory 2017/BI-Lab-2017 (master)
$ git push
Counting objects: 4, done.
Delta compression using up to 4 threads.
Compressing objects: 100% (2/2), done.
Writing objects: 100% (4/4), 344 bytes | 0 bytes/s, done.
Total 4 (delta 0), reused 0 (delta 0)
To https://github.com/mikitakandratsiuk/BI-Lab-2017.git
   ac25d9e..ff94a83  master -> master

Mikita_Kandratsiuk@EPBYMINW5447 MINGW64 ~/Desktop/BI Laboratory 2017/BI-Lab-2017 (master)
$ git checkout -b mikita_kandratsiuk
Switched to a new branch 'mikita_kandratsiuk'

Mikita_Kandratsiuk@EPBYMINW5447 MINGW64 ~/Desktop/BI Laboratory 2017/BI-Lab-2017 (mikita_kandratsiuk)
$ git status
On branch mikita_kandratsiuk
Untracked files:
  (use "git add <file>..." to include in what will be committed)

        Introduction to DWH/

nothing added to commit but untracked files present (use "git add" to track)

Mikita_Kandratsiuk@EPBYMINW5447 MINGW64 ~/Desktop/BI Laboratory 2017/BI-Lab-2017 (mikita_kandratsiuk)
$ git add .

Mikita_Kandratsiuk@EPBYMINW5447 MINGW64 ~/Desktop/BI Laboratory 2017/BI-Lab-2017 (mikita_kandratsiuk)
$ git status
On branch mikita_kandratsiuk
Changes to be committed:
  (use "git reset HEAD <file>..." to unstage)

        new file:   Introduction to DWH/Topic 01 - Introduction to Data Warehousing/MTN.BI.07.Oracle DB.DWH_content01_Introduction to Data Warehousing.pptx
        new file:   Introduction to DWH/Topic 01 - Introduction to Data Warehousing/MTN.BI.07.Oracle DB.DWH_courseware01_Introduction to Data Warehousing.docx
        new file:   Introduction to DWH/Topic 01 - Introduction to Data Warehousing/MTX.BI.07.Oracle DB.DWH_labwork01.docx
        new file:   Introduction to DWH/Topic 01 - Introduction to Data Warehousing/~$MTN.BI.07.Oracle DB.DWH_content01_Introduction to Data Warehousing.pptx
        new file:   Introduction to DWH/Topic 01 - Introduction to Data Warehousing/~$N.BI.07.Oracle DB.DWH_courseware01_Introduction to Data Warehousing.docx
        new file:   Introduction to DWH/Topic 01 - Introduction to Data Warehousing/~$X.BI.07.Oracle DB.DWH_labwork01.docx


Mikita_Kandratsiuk@EPBYMINW5447 MINGW64 ~/Desktop/BI Laboratory 2017/BI-Lab-2017 (mikita_kandratsiuk)
$ git status
On branch mikita_kandratsiuk
Changes to be committed:
  (use "git reset HEAD <file>..." to unstage)

        new file:   Introduction to DWH/Topic 01 - Introduction to Data Warehousing/MTN.BI.07.Oracle DB.DWH_content01_Introduction to Data Warehousing.pptx
        new file:   Introduction to DWH/Topic 01 - Introduction to Data Warehousing/MTN.BI.07.Oracle DB.DWH_courseware01_Introduction to Data Warehousing.docx
        new file:   Introduction to DWH/Topic 01 - Introduction to Data Warehousing/MTX.BI.07.Oracle DB.DWH_labwork01.docx
        new file:   Introduction to DWH/Topic 01 - Introduction to Data Warehousing/~$MTN.BI.07.Oracle DB.DWH_content01_Introduction to Data Warehousing.pptx
        new file:   Introduction to DWH/Topic 01 - Introduction to Data Warehousing/~$N.BI.07.Oracle DB.DWH_courseware01_Introduction to Data Warehousing.docx
        new file:   Introduction to DWH/Topic 01 - Introduction to Data Warehousing/~$X.BI.07.Oracle DB.DWH_labwork01.docx


Mikita_Kandratsiuk@EPBYMINW5447 MINGW64 ~/Desktop/BI Laboratory 2017/BI-Lab-2017 (mikita_kandratsiuk)
$ git commit -m "Topic 1"
[mikita_kandratsiuk 6e71113] Topic 1
 Committer: Mikita Kandratsiuk <Mikita_Kandratsiuk@epam.com>
Your name and email address were configured automatically based
on your username and hostname. Please check that they are accurate.
You can suppress this message by setting them explicitly. Run the
following command and follow the instructions in your editor to edit
your configuration file:

    git config --global --edit

After doing this, you may fix the identity used for this commit with:

    git commit --amend --reset-author

 6 files changed, 0 insertions(+), 0 deletions(-)
 create mode 100644 Introduction to DWH/Topic 01 - Introduction to Data Warehousing/MTN.BI.07.Oracle DB.DWH_content01_Introduction to Data Warehousing.pptx
 create mode 100644 Introduction to DWH/Topic 01 - Introduction to Data Warehousing/MTN.BI.07.Oracle DB.DWH_courseware01_Introduction to Data Warehousing.docx
 create mode 100644 Introduction to DWH/Topic 01 - Introduction to Data Warehousing/MTX.BI.07.Oracle DB.DWH_labwork01.docx
 create mode 100644 Introduction to DWH/Topic 01 - Introduction to Data Warehousing/~$MTN.BI.07.Oracle DB.DWH_content01_Introduction to Data Warehousing.pptx
 create mode 100644 Introduction to DWH/Topic 01 - Introduction to Data Warehousing/~$N.BI.07.Oracle DB.DWH_courseware01_Introduction to Data Warehousing.docx
 create mode 100644 Introduction to DWH/Topic 01 - Introduction to Data Warehousing/~$X.BI.07.Oracle DB.DWH_labwork01.docx

Mikita_Kandratsiuk@EPBYMINW5447 MINGW64 ~/Desktop/BI Laboratory 2017/BI-Lab-2017 (mikita_kandratsiuk)
$ git push
fatal: The current branch mikita_kandratsiuk has no upstream branch.
To push the current branch and set the remote as upstream, use

    git push --set-upstream origin mikita_kandratsiuk


Mikita_Kandratsiuk@EPBYMINW5447 MINGW64 ~/Desktop/BI Laboratory 2017/BI-Lab-2017 (mikita_kandratsiuk)
$ git push --set-upstream origin mikita_kandratsiuk
Counting objects: 10, done.
Delta compression using up to 4 threads.
Compressing objects: 100% (10/10), done.
Writing objects: 100% (10/10), 4.62 MiB | 543.00 KiB/s, done.
Total 10 (delta 0), reused 0 (delta 0)
To https://github.com/mikitakandratsiuk/BI-Lab-2017.git
 * [new branch]      mikita_kandratsiuk -> mikita_kandratsiuk
Branch mikita_kandratsiuk set up to track remote branch mikita_kandratsiuk from origin.

Mikita_Kandratsiuk@EPBYMINW5447 MINGW64 ~/Desktop/BI Laboratory 2017/BI-Lab-2017 (mikita_kandratsiuk)
$ git push
Everything up-to-date

Mikita_Kandratsiuk@EPBYMINW5447 MINGW64 ~/Desktop/BI Laboratory 2017/BI-Lab-2017 (mikita_kandratsiuk)
$ git checkout master
Switched to branch 'master'
Your branch is up-to-date with 'origin/master'.

Mikita_Kandratsiuk@EPBYMINW5447 MINGW64 ~/Desktop/BI Laboratory 2017/BI-Lab-2017 (master)
$ git checkout mikita_kandratsiuk
Switched to branch 'mikita_kandratsiuk'
Your branch is up-to-date with 'origin/mikita_kandratsiuk'.

Mikita_Kandratsiuk@EPBYMINW5447 MINGW64 ~/Desktop/BI Laboratory 2017/BI-Lab-2017 (mikita_kandratsiuk)
$ git status
On branch mikita_kandratsiuk
Your branch is up-to-date with 'origin/mikita_kandratsiuk'.
Untracked files:
  (use "git add <file>..." to include in what will be committed)

        Introduction to DWH/Topic 02/

nothing added to commit but untracked files present (use "git add" to track)

Mikita_Kandratsiuk@EPBYMINW5447 MINGW64 ~/Desktop/BI Laboratory 2017/BI-Lab-2017 (mikita_kandratsiuk)
$ git add .

Mikita_Kandratsiuk@EPBYMINW5447 MINGW64 ~/Desktop/BI Laboratory 2017/BI-Lab-2017 (mikita_kandratsiuk)
$ git commit -m "Added Topic 02"
[mikita_kandratsiuk 45b17f6] Added Topic 02
 Committer: Mikita Kandratsiuk <Mikita_Kandratsiuk@epam.com>
Your name and email address were configured automatically based
on your username and hostname. Please check that they are accurate.
You can suppress this message by setting them explicitly. Run the
following command and follow the instructions in your editor to edit
your configuration file:

    git config --global --edit

After doing this, you may fix the identity used for this commit with:

    git commit --amend --reset-author

 1 file changed, 0 insertions(+), 0 deletions(-)
 create mode 100644 Introduction to DWH/Topic 02/hello.txt

Mikita_Kandratsiuk@EPBYMINW5447 MINGW64 ~/Desktop/BI Laboratory 2017/BI-Lab-2017 (mikita_kandratsiuk)
$ git status
On branch mikita_kandratsiuk
Your branch is ahead of 'origin/mikita_kandratsiuk' by 1 commit.
  (use "git push" to publish your local commits)
Changes not staged for commit:
  (use "git add <file>..." to update what will be committed)
  (use "git checkout -- <file>..." to discard changes in working directory)

        modified:   Introduction to DWH/Topic 02/hello.txt

no changes added to commit (use "git add" and/or "git commit -a")

Mikita_Kandratsiuk@EPBYMINW5447 MINGW64 ~/Desktop/BI Laboratory 2017/BI-Lab-2017 (mikita_kandratsiuk)
$ git add .

Mikita_Kandratsiuk@EPBYMINW5447 MINGW64 ~/Desktop/BI Laboratory 2017/BI-Lab-2017 (mikita_kandratsiuk)
$ git commit -m "Update on Topic 2"
[mikita_kandratsiuk 80b5cd5] Update on Topic 2
 Committer: Mikita Kandratsiuk <Mikita_Kandratsiuk@epam.com>
Your name and email address were configured automatically based
on your username and hostname. Please check that they are accurate.
You can suppress this message by setting them explicitly. Run the
following command and follow the instructions in your editor to edit
your configuration file:

    git config --global --edit

After doing this, you may fix the identity used for this commit with:

    git commit --amend --reset-author

 1 file changed, 1 insertion(+)

Mikita_Kandratsiuk@EPBYMINW5447 MINGW64 ~/Desktop/BI Laboratory 2017/BI-Lab-2017 (mikita_kandratsiuk)
$ git push
Counting objects: 10, done.
Delta compression using up to 4 threads.
Compressing objects: 100% (6/6), done.
Writing objects: 100% (10/10), 898 bytes | 0 bytes/s, done.
Total 10 (delta 1), reused 0 (delta 0)
remote: Resolving deltas: 100% (1/1), done.
To https://github.com/mikitakandratsiuk/BI-Lab-2017.git
   6e71113..80b5cd5  mikita_kandratsiuk -> mikita_kandratsiuk

Mikita_Kandratsiuk@EPBYMINW5447 MINGW64 ~/Desktop/BI Laboratory 2017/BI-Lab-2017 (mikita_kandratsiuk)
$ git checkout master
Switched to branch 'master'
Your branch is up-to-date with 'origin/master'.

Mikita_Kandratsiuk@EPBYMINW5447 MINGW64 ~/Desktop/BI Laboratory 2017/BI-Lab-2017 (master)
$ git checkout mikita_kandratsiuk
Switched to branch 'mikita_kandratsiuk'
Your branch is up-to-date with 'origin/mikita_kandratsiuk'.

Mikita_Kandratsiuk@EPBYMINW5447 MINGW64 ~/Desktop/BI Laboratory 2017/BI-Lab-2017 (mikita_kandratsiuk)
$ git push
Everything up-to-date

Mikita_Kandratsiuk@EPBYMINW5447 MINGW64 ~/Desktop/BI Laboratory 2017/BI-Lab-2017 (mikita_kandratsiuk)
$
